// Jest Snapshot v1, https://goo.gl/fbAQLP

exports[`EditExpensePage should render EditExpensePage 1`] = `
<div>
  <ExpenseForm
    expense={
      Object {
        "amount": 1000,
        "createdAt": "1969-12-28T00:00:00.000Z",
        "description": "Water",
        "id": "3",
        "note": "",
      }
    }
    onSubmit={[Function]}
  />
  <button
    onClick={[Function]}
  >
    Remove Item
  </button>
</div>
`;
