// Jest Snapshot v1, https://goo.gl/fbAQLP

exports[`should render ExpenseList component with expenses 1`] = `
<div>
  <ExpenseListItem
    amount={195}
    createdAt={"1970-01-01T00:00:00.000Z"}
    description="Gum"
    id="1"
    key="1"
    note=""
  />
  <ExpenseListItem
    amount={32500}
    createdAt={"1970-01-05T00:00:00.000Z"}
    description="Rent"
    id="2"
    key="2"
    note=""
  />
  <ExpenseListItem
    amount={1000}
    createdAt={"1969-12-28T00:00:00.000Z"}
    description="Water"
    id="3"
    key="3"
    note=""
  />
</div>
`;

exports[`should render ExpenseList component with no expenses 1`] = `
<div>
  <p>
    No Expenses
  </p>
</div>
`;
