// Jest Snapshot v1, https://goo.gl/fbAQLP

exports[`should render ExpenseDashboardPage component correctly 1`] = `
<div>
  <br />
  <br />
  <br />
  <Connect(ExpenseListFilters) />
  <Connect(ExpenseList) />
</div>
`;
